 Image stockix-acme-webapp Building 
#1 [internal] load local bake definitions
#1 reading from stdin 578B done
#1 DONE 0.0s

#2 [internal] load build definition from Dockerfile
#2 transferring dockerfile: 857B done
#2 WARN: FromAsCasing: 'as' and 'FROM' keywords' casing do not match (line 1)
#2 DONE 0.0s

#3 [internal] load metadata for docker.io/library/node:14.21.3
#3 DONE 0.0s

#4 [internal] load metadata for docker.io/library/nginx:latest
#4 DONE 0.7s

#5 [internal] load .dockerignore
#5 transferring context: 2B done
#5 DONE 0.0s

#6 [build  1/12] FROM docker.io/library/node:14.21.3
#6 DONE 0.0s

#7 [stage-1 1/3] FROM docker.io/library/nginx:latest@sha256:6e23479198b998e5e25921dff8455837c7636a67111a04a635cf1bb363d199dc
#7 DONE 0.0s

#8 [internal] load build context
#8 transferring context: 1.12MB 0.8s done
#8 DONE 0.9s

#9 [build  7/12] COPY ./packages/webapp/package*.json ./
#9 CACHED

#10 [build  9/12] RUN pnpm i --frozen-lockfile --filter @stockix/webapp...
#10 CACHED

#11 [build 10/12] WORKDIR /app/packages/webapp
#11 CACHED

#12 [build 11/12] COPY ./packages/webapp ./
#12 CACHED

#13 [build  3/12] RUN npm install -g pnpm@7
#13 CACHED

#14 [build  5/12] COPY pnpm-workspace.yaml pnpm-lock.yaml ./
#14 CACHED

#15 [build  8/12] WORKDIR /app
#15 CACHED

#16 [build  2/12] WORKDIR /app
#16 CACHED

#17 [build  4/12] COPY lerna.json ./
#17 CACHED

#18 [build  6/12] WORKDIR /app/packages/webapp
#18 CACHED

#19 [build 12/12] RUN npm run build
#19 CACHED

#20 [stage-1 2/3] COPY ./packages/webapp/nginx/sites/default.conf /etc/nginx/conf.d/default.conf
#20 CACHED

#21 [stage-1 3/3] COPY --from=build /app/packages/webapp/build /usr/share/nginx/html
#21 ERROR: failed to calculate checksum of ref 9c6c5101-654d-4934-94bf-5a144f8f5d88::pujkzkbwjeyba3vb8kfwxmonm: "/app/packages/webapp/build": not found
------
 > [stage-1 3/3] COPY --from=build /app/packages/webapp/build /usr/share/nginx/html:
------
Dockerfile:33

--------------------

  31 |     

  32 |     COPY ./packages/webapp/nginx/sites/default.conf /etc/nginx/conf.d/default.conf

  33 | >>> COPY --from=build /app/packages/webapp/build /usr/share/nginx/html

  34 |     

--------------------

failed to solve: failed to compute cache key: failed to calculate checksum of ref 9c6c5101-654d-4934-94bf-5a144f8f5d88::pujkzkbwjeyba3vb8kfwxmonm: "/app/packages/webapp/build": not found



View build details: docker-desktop://dashboard/build/default/default/8nqway75elo6stb10hf2kcwq0

